Archive member included to satisfy reference by file (symbol)

/home/pyth/st/stm32cubeide_1.13.2/plugins/com.st.stm32cube.ide.mcu.externaltools.gnu-tools-for-stm32.11.3.rel1.linux64_1.1.1.202309131626/tools/bin/../lib/gcc/arm-none-eabi/11.3.1/../../../../arm-none-eabi/lib/thumb/v6-m/nofp/libc_nano.a(libc_a-exit.o)
                              /home/pyth/st/stm32cubeide_1.13.2/plugins/com.st.stm32cube.ide.mcu.externaltools.gnu-tools-for-stm32.11.3.rel1.linux64_1.1.1.202309131626/tools/bin/../lib/gcc/arm-none-eabi/11.3.1/../../../../arm-none-eabi/lib/thumb/v6-m/nofp/crt0.o (exit)
/home/pyth/st/stm32cubeide_1.13.2/plugins/com.st.stm32cube.ide.mcu.externaltools.gnu-tools-for-stm32.11.3.rel1.linux64_1.1.1.202309131626/tools/bin/../lib/gcc/arm-none-eabi/11.3.1/../../../../arm-none-eabi/lib/thumb/v6-m/nofp/libc_nano.a(libc_a-findfp.o)
                              /home/pyth/st/stm32cubeide_1.13.2/plugins/com.st.stm32cube.ide.mcu.externaltools.gnu-tools-for-stm32.11.3.rel1.linux64_1.1.1.202309131626/tools/bin/../lib/gcc/arm-none-eabi/11.3.1/../../../../arm-none-eabi/lib/thumb/v6-m/nofp/libc_nano.a(libc_a-exit.o) (__stdio_exit_handler)
/home/pyth/st/stm32cubeide_1.13.2/plugins/com.st.stm32cube.ide.mcu.externaltools.gnu-tools-for-stm32.11.3.rel1.linux64_1.1.1.202309131626/tools/bin/../lib/gcc/arm-none-eabi/11.3.1/../../../../arm-none-eabi/lib/thumb/v6-m/nofp/libc_nano.a(libc_a-fwalk.o)
                              /home/pyth/st/stm32cubeide_1.13.2/plugins/com.st.stm32cube.ide.mcu.externaltools.gnu-tools-for-stm32.11.3.rel1.linux64_1.1.1.202309131626/tools/bin/../lib/gcc/arm-none-eabi/11.3.1/../../../../arm-none-eabi/lib/thumb/v6-m/nofp/libc_nano.a(libc_a-findfp.o) (_fwalk_sglue)
/home/pyth/st/stm32cubeide_1.13.2/plugins/com.st.stm32cube.ide.mcu.externaltools.gnu-tools-for-stm32.11.3.rel1.linux64_1.1.1.202309131626/tools/bin/../lib/gcc/arm-none-eabi/11.3.1/../../../../arm-none-eabi/lib/thumb/v6-m/nofp/libc_nano.a(libc_a-stdio.o)
                              /home/pyth/st/stm32cubeide_1.13.2/plugins/com.st.stm32cube.ide.mcu.externaltools.gnu-tools-for-stm32.11.3.rel1.linux64_1.1.1.202309131626/tools/bin/../lib/gcc/arm-none-eabi/11.3.1/../../../../arm-none-eabi/lib/thumb/v6-m/nofp/libc_nano.a(libc_a-findfp.o) (__sread)
/home/pyth/st/stm32cubeide_1.13.2/plugins/com.st.stm32cube.ide.mcu.externaltools.gnu-tools-for-stm32.11.3.rel1.linux64_1.1.1.202309131626/tools/bin/../lib/gcc/arm-none-eabi/11.3.1/../../../../arm-none-eabi/lib/thumb/v6-m/nofp/libc_nano.a(libc_a-memset.o)
                              /home/pyth/st/stm32cubeide_1.13.2/plugins/com.st.stm32cube.ide.mcu.externaltools.gnu-tools-for-stm32.11.3.rel1.linux64_1.1.1.202309131626/tools/bin/../lib/gcc/arm-none-eabi/11.3.1/../../../../arm-none-eabi/lib/thumb/v6-m/nofp/crt0.o (memset)
/home/pyth/st/stm32cubeide_1.13.2/plugins/com.st.stm32cube.ide.mcu.externaltools.gnu-tools-for-stm32.11.3.rel1.linux64_1.1.1.202309131626/tools/bin/../lib/gcc/arm-none-eabi/11.3.1/../../../../arm-none-eabi/lib/thumb/v6-m/nofp/libc_nano.a(libc_a-closer.o)
                              /home/pyth/st/stm32cubeide_1.13.2/plugins/com.st.stm32cube.ide.mcu.externaltools.gnu-tools-for-stm32.11.3.rel1.linux64_1.1.1.202309131626/tools/bin/../lib/gcc/arm-none-eabi/11.3.1/../../../../arm-none-eabi/lib/thumb/v6-m/nofp/libc_nano.a(libc_a-stdio.o) (_close_r)
/home/pyth/st/stm32cubeide_1.13.2/plugins/com.st.stm32cube.ide.mcu.externaltools.gnu-tools-for-stm32.11.3.rel1.linux64_1.1.1.202309131626/tools/bin/../lib/gcc/arm-none-eabi/11.3.1/../../../../arm-none-eabi/lib/thumb/v6-m/nofp/libc_nano.a(libc_a-reent.o)
                              /home/pyth/st/stm32cubeide_1.13.2/plugins/com.st.stm32cube.ide.mcu.externaltools.gnu-tools-for-stm32.11.3.rel1.linux64_1.1.1.202309131626/tools/bin/../lib/gcc/arm-none-eabi/11.3.1/../../../../arm-none-eabi/lib/thumb/v6-m/nofp/libc_nano.a(libc_a-closer.o) (errno)
/home/pyth/st/stm32cubeide_1.13.2/plugins/com.st.stm32cube.ide.mcu.externaltools.gnu-tools-for-stm32.11.3.rel1.linux64_1.1.1.202309131626/tools/bin/../lib/gcc/arm-none-eabi/11.3.1/../../../../arm-none-eabi/lib/thumb/v6-m/nofp/libc_nano.a(libc_a-impure.o)
                              /home/pyth/st/stm32cubeide_1.13.2/plugins/com.st.stm32cube.ide.mcu.externaltools.gnu-tools-for-stm32.11.3.rel1.linux64_1.1.1.202309131626/tools/bin/../lib/gcc/arm-none-eabi/11.3.1/../../../../arm-none-eabi/lib/thumb/v6-m/nofp/libc_nano.a(libc_a-reent.o) (_impure_ptr)
/home/pyth/st/stm32cubeide_1.13.2/plugins/com.st.stm32cube.ide.mcu.externaltools.gnu-tools-for-stm32.11.3.rel1.linux64_1.1.1.202309131626/tools/bin/../lib/gcc/arm-none-eabi/11.3.1/../../../../arm-none-eabi/lib/thumb/v6-m/nofp/libc_nano.a(libc_a-lseekr.o)
                              /home/pyth/st/stm32cubeide_1.13.2/plugins/com.st.stm32cube.ide.mcu.externaltools.gnu-tools-for-stm32.11.3.rel1.linux64_1.1.1.202309131626/tools/bin/../lib/gcc/arm-none-eabi/11.3.1/../../../../arm-none-eabi/lib/thumb/v6-m/nofp/libc_nano.a(libc_a-stdio.o) (_lseek_r)
[...]
Memory Configuration

Name             Origin             Length             Attributes
RAM              0x0000000020000000 0x0000000000004000 xrw
FLASH            0x0000000008000000 0x0000000000020000 xr
*default*        0x0000000000000000 0xffffffffffffffff

Linker script and memory map

LOAD /home/pyth/st/stm32cubeide_1.13.2/plugins/com.st.stm32cube.ide.mcu.externaltools.gnu-tools-for-stm32.11.3.rel1.linux64_1.1.1.202309131626/tools/bin/../lib/gcc/arm-none-eabi/11.3.1/thumb/v6-m/nofp/crti.o
LOAD /home/pyth/st/stm32cubeide_1.13.2/plugins/com.st.stm32cube.ide.mcu.externaltools.gnu-tools-for-stm32.11.3.rel1.linux64_1.1.1.202309131626/tools/bin/../lib/gcc/arm-none-eabi/11.3.1/thumb/v6-m/nofp/crtbegin.o
LOAD /home/pyth/st/stm32cubeide_1.13.2/plugins/com.st.stm32cube.ide.mcu.externaltools.gnu-tools-for-stm32.11.3.rel1.linux64_1.1.1.202309131626/tools/bin/../lib/gcc/arm-none-eabi/11.3.1/../../../../arm-none-eabi/lib/thumb/v6-m/nofp/crt0.o
LOAD ./Core/Src/fonts.o
LOAD ./Core/Src/ili9341.o
LOAD ./Core/Src/ili9341_touch.o
LOAD ./Core/Src/main.o
LOAD ./Core/Src/stm32f0xx_hal_msp.o
LOAD ./Core/Src/stm32f0xx_it.o
LOAD ./Core/Src/syscalls.o
LOAD ./Core/Src/sysmem.o
LOAD ./Core/Src/system_stm32f0xx.o
LOAD ./Core/Startup/startup_stm32f070rbtx.o
LOAD ./Drivers/STM32F0xx_HAL_Driver/Src/stm32f0xx_hal.o
LOAD ./Drivers/STM32F0xx_HAL_Driver/Src/stm32f0xx_hal_cortex.o
LOAD ./Drivers/STM32F0xx_HAL_Driver/Src/stm32f0xx_hal_dma.o
LOAD ./Drivers/STM32F0xx_HAL_Driver/Src/stm32f0xx_hal_exti.o
LOAD ./Drivers/STM32F0xx_HAL_Driver/Src/stm32f0xx_hal_flash.o
LOAD ./Drivers/STM32F0xx_HAL_Driver/Src/stm32f0xx_hal_flash_ex.o
LOAD ./Drivers/STM32F0xx_HAL_Driver/Src/stm32f0xx_hal_gpio.o
LOAD ./Drivers/STM32F0xx_HAL_Driver/Src/stm32f0xx_hal_i2c.o
LOAD ./Drivers/STM32F0xx_HAL_Driver/Src/stm32f0xx_hal_i2c_ex.o
LOAD ./Drivers/STM32F0xx_HAL_Driver/Src/stm32f0xx_hal_pwr.o
LOAD ./Drivers/STM32F0xx_HAL_Driver/Src/stm32f0xx_hal_pwr_ex.o
LOAD ./Drivers/STM32F0xx_HAL_Driver/Src/stm32f0xx_hal_rcc.o
LOAD ./Drivers/STM32F0xx_HAL_Driver/Src/stm32f0xx_hal_rcc_ex.o
LOAD ./Drivers/STM32F0xx_HAL_Driver/Src/stm32f0xx_hal_spi.o
LOAD ./Drivers/STM32F0xx_HAL_Driver/Src/stm32f0xx_hal_spi_ex.o
LOAD ./Drivers/STM32F0xx_HAL_Driver/Src/stm32f0xx_hal_tim.o
LOAD ./Drivers/STM32F0xx_HAL_Driver/Src/stm32f0xx_hal_tim_ex.o
LOAD ./Drivers/STM32F0xx_HAL_Driver/Src/stm32f0xx_hal_uart.o
LOAD ./Drivers/STM32F0xx_HAL_Driver/Src/stm32f0xx_hal_uart_ex.o
START GROUP
LOAD /home/pyth/st/stm32cubeide_1.13.2/plugins/com.st.stm32cube.ide.mcu.externaltools.gnu-tools-for-stm32.11.3.rel1.linux64_1.1.1.202309131626/tools/bin/../lib/gcc/arm-none-eabi/11.3.1/../../../../arm-none-eabi/lib/thumb/v6-m/nofp/libc_nano.a
LOAD /home/pyth/st/stm32cubeide_1.13.2/plugins/com.st.stm32cube.ide.mcu.externaltools.gnu-tools-for-stm32.11.3.rel1.linux64_1.1.1.202309131626/tools/bin/../lib/gcc/arm-none-eabi/11.3.1/../../../../arm-none-eabi/lib/thumb/v6-m/nofp/libm.a
END GROUP
START GROUP
LOAD /home/pyth/st/stm32cubeide_1.13.2/plugins/com.st.stm32cube.ide.mcu.externaltools.gnu-tools-for-stm32.11.3.rel1.linux64_1.1.1.202309131626/tools/bin/../lib/gcc/arm-none-eabi/11.3.1/thumb/v6-m/nofp/libgcc.a
LOAD /home/pyth/st/stm32cubeide_1.13.2/plugins/com.st.stm32cube.ide.mcu.externaltools.gnu-tools-for-stm32.11.3.rel1.linux64_1.1.1.202309131626/tools/bin/../lib/gcc/arm-none-eabi/11.3.1/../../../../arm-none-eabi/lib/thumb/v6-m/nofp/libc_nano.a
END GROUP
START GROUP
LOAD /home/pyth/st/stm32cubeide_1.13.2/plugins/com.st.stm32cube.ide.mcu.externaltools.gnu-tools-for-stm32.11.3.rel1.linux64_1.1.1.202309131626/tools/bin/../lib/gcc/arm-none-eabi/11.3.1/thumb/v6-m/nofp/libgcc.a
LOAD /home/pyth/st/stm32cubeide_1.13.2/plugins/com.st.stm32cube.ide.mcu.externaltools.gnu-tools-for-stm32.11.3.rel1.linux64_1.1.1.202309131626/tools/bin/../lib/gcc/arm-none-eabi/11.3.1/../../../../arm-none-eabi/lib/thumb/v6-m/nofp/libc_nano.a
LOAD /home/pyth/st/stm32cubeide_1.13.2/plugins/com.st.stm32cube.ide.mcu.externaltools.gnu-tools-for-stm32.11.3.rel1.linux64_1.1.1.202309131626/tools/bin/../lib/gcc/arm-none-eabi/11.3.1/../../../../arm-none-eabi/lib/thumb/v6-m/nofp/libnosys.a
END GROUP
START GROUP
LOAD /home/pyth/st/stm32cubeide_1.13.2/plugins/com.st.stm32cube.ide.mcu.externaltools.gnu-tools-for-stm32.11.3.rel1.linux64_1.1.1.202309131626/tools/bin/../lib/gcc/arm-none-eabi/11.3.1/thumb/v6-m/nofp/libgcc.a
LOAD /home/pyth/st/stm32cubeide_1.13.2/plugins/com.st.stm32cube.ide.mcu.externaltools.gnu-tools-for-stm32.11.3.rel1.linux64_1.1.1.202309131626/tools/bin/../lib/gcc/arm-none-eabi/11.3.1/../../../../arm-none-eabi/lib/thumb/v6-m/nofp/libc_nano.a
LOAD /home/pyth/st/stm32cubeide_1.13.2/plugins/com.st.stm32cube.ide.mcu.externaltools.gnu-tools-for-stm32.11.3.rel1.linux64_1.1.1.202309131626/tools/bin/../lib/gcc/arm-none-eabi/11.3.1/../../../../arm-none-eabi/lib/thumb/v6-m/nofp/libnosys.a
END GROUP
LOAD /home/pyth/st/stm32cubeide_1.13.2/plugins/com.st.stm32cube.ide.mcu.externaltools.gnu-tools-for-stm32.11.3.rel1.linux64_1.1.1.202309131626/tools/bin/../lib/gcc/arm-none-eabi/11.3.1/thumb/v6-m/nofp/crtend.o
LOAD /home/pyth/st/stm32cubeide_1.13.2/plugins/com.st.stm32cube.ide.mcu.externaltools.gnu-tools-for-stm32.11.3.rel1.linux64_1.1.1.202309131626/tools/bin/../lib/gcc/arm-none-eabi/11.3.1/thumb/v6-m/nofp/crtn.o
                0x0000000020004000                _estack = (ORIGIN (RAM) + LENGTH (RAM))
                0x0000000000000200                _Min_Heap_Size = 0x200
                0x0000000000000400                _Min_Stack_Size = 0x400

.isr_vector     0x0000000008000000       0xc0
                0x0000000008000000                . = ALIGN (0x4)
 *(.isr_vector)
 .isr_vector    0x0000000008000000       0xc0 ./Core/Startup/startup_stm32f070rbtx.o
                0x0000000008000000                g_pfnVectors
                0x00000000080000c0                . = ALIGN (0x4)

.text           0x00000000080000c0     0x3218
                0x00000000080000c0                . = ALIGN (0x4)
 *(.text)
 .text          0x00000000080000c0       0x48 /home/pyth/st/stm32cubeide_1.13.2/plugins/com.st.stm32cube.ide.mcu.externaltools.gnu-tools-for-stm32.11.3.rel1.linux64_1.1.1.202309131626/tools/bin/../lib/gcc/arm-none-eabi/11.3.1/thumb/v6-m/nofp/crtbegin.o
 .text          0x0000000008000108      0x114 /home/pyth/st/stm32cubeide_1.13.2/plugins/com.st.stm32cube.ide.mcu.externaltools.gnu-tools-for-stm32.11.3.rel1.linux64_1.1.1.202309131626/tools/bin/../lib/gcc/arm-none-eabi/11.3.1/thumb/v6-m/nofp/libgcc.a(_udivsi3.o)
                0x0000000008000108                __udivsi3
                0x0000000008000108                __aeabi_uidiv
                0x0000000008000214                __aeabi_uidivmod
 .text          0x000000000800021c      0x1d4 /home/pyth/st/stm32cubeide_1.13.2/plugins/com.st.stm32cube.ide.mcu.externaltools.gnu-tools-for-stm32.11.3.rel1.linux64_1.1.1.202309131626/tools/bin/../lib/gcc/arm-none-eabi/11.3.1/thumb/v6-m/nofp/libgcc.a(_divsi3.o)
                0x000000000800021c                __aeabi_idiv
                0x000000000800021c                __divsi3
                0x00000000080003e8                __aeabi_idivmod
 .text          0x00000000080003f0        0x4 /home/pyth/st/stm32cubeide_1.13.2/plugins/com.st.stm32cube.ide.mcu.externaltools.gnu-tools-for-stm32.11.3.rel1.linux64_1.1.1.202309131626/tools/bin/../lib/gcc/arm-none-eabi/11.3.1/thumb/v6-m/nofp/libgcc.a(_dvmd_tls.o)
                0x00000000080003f0                __aeabi_ldiv0
                0x00000000080003f0                __aeabi_idiv0
 *(.text*)
 .text.ILI9341_Select
                0x00000000080003f4       0x1a ./Core/Src/ili9341.o
 .text.ILI9341_Unselect
                0x000000000800040e       0x1a ./Core/Src/ili9341.o
                0x000000000800040e                ILI9341_Unselect
 .text.ILI9341_Reset
                0x0000000008000428       0x2c ./Core/Src/ili9341.o
 .text.ILI9341_WriteCommand
                0x0000000008000454       0x38 ./Core/Src/ili9341.o
 .text.ILI9341_WriteData
                0x000000000800048c       0x70 ./Core/Src/ili9341.o
 .text.ILI9341_SetAddressWindow
                0x00000000080004fc       0xb8 ./Core/Src/ili9341.o
 .text.ILI9341_Init
                0x00000000080005b4      0x280 ./Core/Src/ili9341.o
                0x00000000080005b4                ILI9341_Init
 .text.ILI9341_FillRectangle
                0x0000000008000834      0x1ac ./Core/Src/ili9341.o
                0x0000000008000834                ILI9341_FillRectangle
 .text.main     0x00000000080009e0       0x9c ./Core/Src/main.o
                0x00000000080009e0                main
 .text.SystemClock_Config
                0x0000000008000a7c       0x96 ./Core/Src/main.o
                0x0000000008000a7c                SystemClock_Config
 *fill*         0x0000000008000b12        0x2 
 .text.MX_SPI1_Init
                0x0000000008000b14       0x7c ./Core/Src/main.o
 .text.MX_USART2_UART_Init
                0x0000000008000b90       0x60 ./Core/Src/main.o
 .text.MX_DMA_Init
                0x0000000008000bf0       0x3c ./Core/Src/main.o
 .text.MX_GPIO_Init
                0x0000000008000c2c      0x128 ./Core/Src/main.o
 .text.Error_Handler
                0x0000000008000d54        0xa ./Core/Src/main.o
                0x0000000008000d54                Error_Handler
 *fill*         0x0000000008000d5e        0x2 
 .text.HAL_MspInit
                0x0000000008000d60       0x48 ./Core/Src/stm32f0xx_hal_msp.o
                0x0000000008000d60                HAL_MspInit
 .text.HAL_SPI_MspInit
                0x0000000008000da8      0x148 ./Core/Src/stm32f0xx_hal_msp.o
                0x0000000008000da8                HAL_SPI_MspInit
 .text.HAL_UART_MspInit
                0x0000000008000ef0       0x98 ./Core/Src/stm32f0xx_hal_msp.o
                0x0000000008000ef0                HAL_UART_MspInit
 .text.NMI_Handler
                0x0000000008000f88        0x6 ./Core/Src/stm32f0xx_it.o
                0x0000000008000f88                NMI_Handler
 .text.HardFault_Handler
                0x0000000008000f8e        0x6 ./Core/Src/stm32f0xx_it.o
                0x0000000008000f8e                HardFault_Handler
 .text.SVC_Handler
                0x0000000008000f94        0xa ./Core/Src/stm32f0xx_it.o
                0x0000000008000f94                SVC_Handler
 .text.PendSV_Handler
                0x0000000008000f9e        0xa ./Core/Src/stm32f0xx_it.o
                0x0000000008000f9e                PendSV_Handler
 .text.SysTick_Handler
                0x0000000008000fa8        0xe ./Core/Src/stm32f0xx_it.o
                0x0000000008000fa8                SysTick_Handler
 *fill*         0x0000000008000fb6        0x2 
 .text.DMA1_Channel2_3_IRQHandler
                0x0000000008000fb8       0x18 ./Core/Src/stm32f0xx_it.o
                0x0000000008000fb8                DMA1_Channel2_3_IRQHandler
 .text.SPI1_IRQHandler
                0x0000000008000fd0       0x18 ./Core/Src/stm32f0xx_it.o
                0x0000000008000fd0                SPI1_IRQHandler
 .text.SystemInit
                0x0000000008000fe8        0xa ./Core/Src/system_stm32f0xx.o
                0x0000000008000fe8                SystemInit
 *fill*         0x0000000008000ff2        0x2 
 .text.Reset_Handler
                0x0000000008000ff4       0x50 ./Core/Startup/startup_stm32f070rbtx.o
                0x0000000008000ff4                Reset_Handler
 .text.Default_Handler
                0x0000000008001044        0x2 ./Core/Startup/startup_stm32f070rbtx.o
                0x0000000008001044                TIM1_CC_IRQHandler
                0x0000000008001044                TIM6_IRQHandler
                0x0000000008001044                I2C1_IRQHandler
                0x0000000008001044                USART3_4_IRQHandler
                0x0000000008001044                EXTI2_3_IRQHandler
                0x0000000008001044                ADC1_IRQHandler
                0x0000000008001044                I2C2_IRQHandler
                0x0000000008001044                TIM17_IRQHandler
                0x0000000008001044                RTC_IRQHandler
                0x0000000008001044                TIM16_IRQHandler
                0x0000000008001044                TIM3_IRQHandler
                0x0000000008001044                EXTI4_15_IRQHandler
                0x0000000008001044                RCC_IRQHandler
                0x0000000008001044                DMA1_Channel1_IRQHandler
                0x0000000008001044                Default_Handler
                0x0000000008001044                TIM14_IRQHandler
                0x0000000008001044                DMA1_Channel4_5_IRQHandler
                0x0000000008001044                TIM7_IRQHandler
                0x0000000008001044                TIM15_IRQHandler
                0x0000000008001044                EXTI0_1_IRQHandler
                0x0000000008001044                USB_IRQHandler
                0x0000000008001044                SPI2_IRQHandler
                0x0000000008001044                WWDG_IRQHandler
                0x0000000008001044                USART2_IRQHandler
                0x0000000008001044                FLASH_IRQHandler
                0x0000000008001044                USART1_IRQHandler
                0x0000000008001044                TIM1_BRK_UP_TRG_COM_IRQHandler
 *fill*         0x0000000008001046        0x2 
 .text.HAL_Init
                0x0000000008001048       0x28 ./Drivers/STM32F0xx_HAL_Driver/Src/stm32f0xx_hal.o
                0x0000000008001048                HAL_Init
 .text.HAL_InitTick
                0x0000000008001070       0x68 ./Drivers/STM32F0xx_HAL_Driver/Src/stm32f0xx_hal.o
                0x0000000008001070                HAL_InitTick
 .text.HAL_IncTick
                0x00000000080010d8       0x24 ./Drivers/STM32F0xx_HAL_Driver/Src/stm32f0xx_hal.o
                0x00000000080010d8                HAL_IncTick
 .text.HAL_GetTick
                0x00000000080010fc       0x14 ./Drivers/STM32F0xx_HAL_Driver/Src/stm32f0xx_hal.o
                0x00000000080010fc                HAL_GetTick
 .text.HAL_Delay
                0x0000000008001110       0x48 ./Drivers/STM32F0xx_HAL_Driver/Src/stm32f0xx_hal.o
                0x0000000008001110                HAL_Delay
 .text.__NVIC_EnableIRQ
                0x0000000008001158       0x34 ./Drivers/STM32F0xx_HAL_Driver/Src/stm32f0xx_hal_cortex.o
 .text.__NVIC_SetPriority
                0x000000000800118c       0xdc ./Drivers/STM32F0xx_HAL_Driver/Src/stm32f0xx_hal_cortex.o
 .text.SysTick_Config
                0x0000000008001268       0x48 ./Drivers/STM32F0xx_HAL_Driver/Src/stm32f0xx_hal_cortex.o
 .text.HAL_NVIC_SetPriority
                0x00000000080012b0       0x2a ./Drivers/STM32F0xx_HAL_Driver/Src/stm32f0xx_hal_cortex.o
                0x00000000080012b0                HAL_NVIC_SetPriority
 .text.HAL_NVIC_EnableIRQ
                0x00000000080012da       0x20 ./Drivers/STM32F0xx_HAL_Driver/Src/stm32f0xx_hal_cortex.o
                0x00000000080012da                HAL_NVIC_EnableIRQ
 .text.HAL_SYSTICK_Config
                0x00000000080012fa       0x1a ./Drivers/STM32F0xx_HAL_Driver/Src/stm32f0xx_hal_cortex.o
                0x00000000080012fa                HAL_SYSTICK_Config
 .text.HAL_DMA_Init
                0x0000000008001314       0x90 ./Drivers/STM32F0xx_HAL_Driver/Src/stm32f0xx_hal_dma.o
                0x0000000008001314                HAL_DMA_Init
 .text.HAL_DMA_Abort_IT
                0x00000000080013a4       0x8a ./Drivers/STM32F0xx_HAL_Driver/Src/stm32f0xx_hal_dma.o
                0x00000000080013a4                HAL_DMA_Abort_IT
 .text.HAL_DMA_IRQHandler
                0x000000000800142e      0x144 ./Drivers/STM32F0xx_HAL_Driver/Src/stm32f0xx_hal_dma.o
                0x000000000800142e                HAL_DMA_IRQHandler
 *fill*         0x0000000008001572        0x2 
 .text.DMA_CalcBaseAndBitshift
                0x0000000008001574       0x38 ./Drivers/STM32F0xx_HAL_Driver/Src/stm32f0xx_hal_dma.o
 .text.HAL_GPIO_Init
                0x00000000080015ac      0x2e0 ./Drivers/STM32F0xx_HAL_Driver/Src/stm32f0xx_hal_gpio.o
                0x00000000080015ac                HAL_GPIO_Init
 .text.HAL_GPIO_WritePin
                0x000000000800188c       0x3a ./Drivers/STM32F0xx_HAL_Driver/Src/stm32f0xx_hal_gpio.o
                0x000000000800188c                HAL_GPIO_WritePin
 *fill*         0x00000000080018c6        0x2 
 .text.HAL_RCC_OscConfig
                0x00000000080018c8      0x63c ./Drivers/STM32F0xx_HAL_Driver/Src/stm32f0xx_hal_rcc.o
                0x00000000080018c8                HAL_RCC_OscConfig
 .text.HAL_RCC_ClockConfig
                0x0000000008001f04      0x19c ./Drivers/STM32F0xx_HAL_Driver/Src/stm32f0xx_hal_rcc.o
                0x0000000008001f04                HAL_RCC_ClockConfig
 .text.HAL_RCC_GetSysClockFreq
                0x00000000080020a0       0xb0 ./Drivers/STM32F0xx_HAL_Driver/Src/stm32f0xx_hal_rcc.o
                0x00000000080020a0                HAL_RCC_GetSysClockFreq
 .text.HAL_RCC_GetHCLKFreq
                0x0000000008002150       0x14 ./Drivers/STM32F0xx_HAL_Driver/Src/stm32f0xx_hal_rcc.o
                0x0000000008002150                HAL_RCC_GetHCLKFreq
 .text.HAL_RCC_GetPCLK1Freq
                0x0000000008002164       0x2c ./Drivers/STM32F0xx_HAL_Driver/Src/stm32f0xx_hal_rcc.o
                0x0000000008002164                HAL_RCC_GetPCLK1Freq
 .text.HAL_SPI_Init
                0x0000000008002190      0x170 ./Drivers/STM32F0xx_HAL_Driver/Src/stm32f0xx_hal_spi.o
                0x0000000008002190                HAL_SPI_Init
 .text.HAL_SPI_Transmit
                0x0000000008002300      0x2be ./Drivers/STM32F0xx_HAL_Driver/Src/stm32f0xx_hal_spi.o
                0x0000000008002300                HAL_SPI_Transmit
 *fill*         0x00000000080025be        0x2 
 .text.HAL_SPI_IRQHandler
                0x00000000080025c0      0x1d4 ./Drivers/STM32F0xx_HAL_Driver/Src/stm32f0xx_hal_spi.o
                0x00000000080025c0                HAL_SPI_IRQHandler
 .text.HAL_SPI_ErrorCallback
                0x0000000008002794       0x10 ./Drivers/STM32F0xx_HAL_Driver/Src/stm32f0xx_hal_spi.o
                0x0000000008002794                HAL_SPI_ErrorCallback
 .text.SPI_DMAAbortOnError
                0x00000000080027a4       0x2c ./Drivers/STM32F0xx_HAL_Driver/Src/stm32f0xx_hal_spi.o
 .text.SPI_WaitFlagStateUntilTimeout
                0x00000000080027d0      0x11c ./Drivers/STM32F0xx_HAL_Driver/Src/stm32f0xx_hal_spi.o
 .text.SPI_WaitFifoStateUntilTimeout
                0x00000000080028ec      0x144 ./Drivers/STM32F0xx_HAL_Driver/Src/stm32f0xx_hal_spi.o
 .text.SPI_EndRxTxTransaction
                0x0000000008002a30       0x8c ./Drivers/STM32F0xx_HAL_Driver/Src/stm32f0xx_hal_spi.o
 .text.HAL_UART_Init
                0x0000000008002abc       0xa8 ./Drivers/STM32F0xx_HAL_Driver/Src/stm32f0xx_hal_uart.o
                0x0000000008002abc                HAL_UART_Init
 .text.UART_SetConfig
                0x0000000008002b64      0x2b0 ./Drivers/STM32F0xx_HAL_Driver/Src/stm32f0xx_hal_uart.o
                0x0000000008002b64                UART_SetConfig
 .text.UART_AdvFeatureConfig
                0x0000000008002e14      0x168 ./Drivers/STM32F0xx_HAL_Driver/Src/stm32f0xx_hal_uart.o
                0x0000000008002e14                UART_AdvFeatureConfig
 .text.UART_CheckIdleState
                0x0000000008002f7c      0x150 ./Drivers/STM32F0xx_HAL_Driver/Src/stm32f0xx_hal_uart.o
                0x0000000008002f7c                UART_CheckIdleState
 .text.UART_WaitOnFlagUntilTimeout
                0x00000000080030cc       0xd2 ./Drivers/STM32F0xx_HAL_Driver/Src/stm32f0xx_hal_uart.o
                0x00000000080030cc                UART_WaitOnFlagUntilTimeout
 *fill*         0x000000000800319e        0x2 
 .text.UART_EndRxTransfer
                0x00000000080031a0       0xc8 ./Drivers/STM32F0xx_HAL_Driver/Src/stm32f0xx_hal_uart.o
 .text.memset   0x0000000008003268       0x10 /home/pyth/st/stm32cubeide_1.13.2/plugins/com.st.stm32cube.ide.mcu.externaltools.gnu-tools-for-stm32.11.3.rel1.linux64_1.1.1.202309131626/tools/bin/../lib/gcc/arm-none-eabi/11.3.1/../../../../arm-none-eabi/lib/thumb/v6-m/nofp/libc_nano.a(libc_a-memset.o)
                0x0000000008003268                memset
 .text.__libc_init_array
                0x0000000008003278       0x48 /home/pyth/st/stm32cubeide_1.13.2/plugins/com.st.stm32cube.ide.mcu.externaltools.gnu-tools-for-stm32.11.3.rel1.linux64_1.1.1.202309131626/tools/bin/../lib/gcc/arm-none-eabi/11.3.1/../../../../arm-none-eabi/lib/thumb/v6-m/nofp/libc_nano.a(libc_a-init.o)
                0x0000000008003278                __libc_init_array
 *(.glue_7)
 .glue_7        0x00000000080032c0        0x0 linker stubs
 *(.glue_7t)
 .glue_7t       0x00000000080032c0        0x0 linker stubs
 *(.eh_frame)
 .eh_frame      0x00000000080032c0        0x0 /home/pyth/st/stm32cubeide_1.13.2/plugins/com.st.stm32cube.ide.mcu.externaltools.gnu-tools-for-stm32.11.3.rel1.linux64_1.1.1.202309131626/tools/bin/../lib/gcc/arm-none-eabi/11.3.1/thumb/v6-m/nofp/crtbegin.o
 *(.init)
 .init          0x00000000080032c0        0x4 /home/pyth/st/stm32cubeide_1.13.2/plugins/com.st.stm32cube.ide.mcu.externaltools.gnu-tools-for-stm32.11.3.rel1.linux64_1.1.1.202309131626/tools/bin/../lib/gcc/arm-none-eabi/11.3.1/thumb/v6-m/nofp/crti.o
                0x00000000080032c0                _init
 .init          0x00000000080032c4        0x8 /home/pyth/st/stm32cubeide_1.13.2/plugins/com.st.stm32cube.ide.mcu.externaltools.gnu-tools-for-stm32.11.3.rel1.linux64_1.1.1.202309131626/tools/bin/../lib/gcc/arm-none-eabi/11.3.1/thumb/v6-m/nofp/crtn.o
 *(.fini)
 .fini          0x00000000080032cc        0x4 /home/pyth/st/stm32cubeide_1.13.2/plugins/com.st.stm32cube.ide.mcu.externaltools.gnu-tools-for-stm32.11.3.rel1.linux64_1.1.1.202309131626/tools/bin/../lib/gcc/arm-none-eabi/11.3.1/thumb/v6-m/nofp/crti.o
                0x00000000080032cc                _fini
 .fini          0x00000000080032d0        0x8 /home/pyth/st/stm32cubeide_1.13.2/plugins/com.st.stm32cube.ide.mcu.externaltools.gnu-tools-for-stm32.11.3.rel1.linux64_1.1.1.202309131626/tools/bin/../lib/gcc/arm-none-eabi/11.3.1/thumb/v6-m/nofp/crtn.o
                0x00000000080032d8                . = ALIGN (0x4)
                0x00000000080032d8                _etext = .

.vfp11_veneer   0x00000000080032d8        0x0
 .vfp11_veneer  0x00000000080032d8        0x0 linker stubs

.v4_bx          0x00000000080032d8        0x0
 .v4_bx         0x00000000080032d8        0x0 linker stubs

.iplt           0x00000000080032d8        0x0
 .iplt          0x00000000080032d8        0x0 /home/pyth/st/stm32cubeide_1.13.2/plugins/com.st.stm32cube.ide.mcu.externaltools.gnu-tools-for-stm32.11.3.rel1.linux64_1.1.1.202309131626/tools/bin/../lib/gcc/arm-none-eabi/11.3.1/thumb/v6-m/nofp/crtbegin.o

.rodata         0x00000000080032d8       0x8c
                0x00000000080032d8                . = ALIGN (0x4)
 *(.rodata)
 .rodata        0x00000000080032d8       0x53 ./Core/Src/ili9341.o
 *(.rodata*)
 *fill*         0x000000000800332b        0x1 
 .rodata.AHBPrescTable
                0x000000000800332c       0x10 ./Core/Src/system_stm32f0xx.o
                0x000000000800332c                AHBPrescTable
 .rodata.APBPrescTable
                0x000000000800333c        0x8 ./Core/Src/system_stm32f0xx.o
                0x000000000800333c                APBPrescTable
 .rodata.aPLLMULFactorTable.1
                0x0000000008003344       0x10 ./Drivers/STM32F0xx_HAL_Driver/Src/stm32f0xx_hal_rcc.o
 .rodata.aPredivFactorTable.0
                0x0000000008003354       0x10 ./Drivers/STM32F0xx_HAL_Driver/Src/stm32f0xx_hal_rcc.o
                0x0000000008003364                . = ALIGN (0x4)

.rel.dyn        0x0000000008003364        0x0
 .rel.iplt      0x0000000008003364        0x0 /home/pyth/st/stm32cubeide_1.13.2/plugins/com.st.stm32cube.ide.mcu.externaltools.gnu-tools-for-stm32.11.3.rel1.linux64_1.1.1.202309131626/tools/bin/../lib/gcc/arm-none-eabi/11.3.1/thumb/v6-m/nofp/crtbegin.o

.ARM.extab      0x0000000008003364        0x0
                0x0000000008003364                . = ALIGN (0x4)
 *(.ARM.extab* .gnu.linkonce.armextab.*)
                0x0000000008003364                . = ALIGN (0x4)

.ARM            0x0000000008003364        0x0
                0x0000000008003364                . = ALIGN (0x4)
                0x0000000008003364                __exidx_start = .
 *(.ARM.exidx*)
                0x0000000008003364                __exidx_end = .
                0x0000000008003364                . = ALIGN (0x4)

.preinit_array  0x0000000008003364        0x0
                0x0000000008003364                . = ALIGN (0x4)
                0x0000000008003364                PROVIDE (__preinit_array_start = .)
 *(.preinit_array*)
                0x0000000008003364                PROVIDE (__preinit_array_end = .)
                0x0000000008003364                . = ALIGN (0x4)

.init_array     0x0000000008003364        0x4
                0x0000000008003364                . = ALIGN (0x4)
                0x0000000008003364                PROVIDE (__init_array_start = .)
 *(SORT_BY_NAME(.init_array.*))
 *(.init_array*)
 .init_array    0x0000000008003364        0x4 /home/pyth/st/stm32cubeide_1.13.2/plugins/com.st.stm32cube.ide.mcu.externaltools.gnu-tools-for-stm32.11.3.rel1.linux64_1.1.1.202309131626/tools/bin/../lib/gcc/arm-none-eabi/11.3.1/thumb/v6-m/nofp/crtbegin.o
                0x0000000008003368                PROVIDE (__init_array_end = .)
                0x0000000008003368                . = ALIGN (0x4)

.fini_array     0x0000000008003368        0x4
                0x0000000008003368                . = ALIGN (0x4)
                [!provide]                        PROVIDE (__fini_array_start = .)
 *(SORT_BY_NAME(.fini_array.*))
 *(.fini_array*)
 .fini_array    0x0000000008003368        0x4 /home/pyth/st/stm32cubeide_1.13.2/plugins/com.st.stm32cube.ide.mcu.externaltools.gnu-tools-for-stm32.11.3.rel1.linux64_1.1.1.202309131626/tools/bin/../lib/gcc/arm-none-eabi/11.3.1/thumb/v6-m/nofp/crtbegin.o
                [!provide]                        PROVIDE (__fini_array_end = .)
                0x000000000800336c                . = ALIGN (0x4)
                0x000000000800336c                _sidata = LOADADDR (.data)

.data           0x0000000020000000       0x10 load address 0x000000000800336c
                0x0000000020000000                . = ALIGN (0x4)
                0x0000000020000000                _sdata = .
 *(.data)
 *(.data*)
 .data.maxLines
                0x0000000020000000        0x1 ./Core/Src/ili9341.o
                0x0000000020000000                maxLines
 *fill*         0x0000000020000001        0x3 
 .data.SystemCoreClock
                0x0000000020000004        0x4 ./Core/Src/system_stm32f0xx.o
                0x0000000020000004                SystemCoreClock
 .data.uwTickPrio
                0x0000000020000008        0x4 ./Drivers/STM32F0xx_HAL_Driver/Src/stm32f0xx_hal.o
                0x0000000020000008                uwTickPrio
 .data.uwTickFreq
                0x000000002000000c        0x1 ./Drivers/STM32F0xx_HAL_Driver/Src/stm32f0xx_hal.o
                0x000000002000000c                uwTickFreq
 *(.RamFunc)
 *(.RamFunc*)
                0x0000000020000010                . = ALIGN (0x4)
 *fill*         0x000000002000000d        0x3 
                0x0000000020000010                _edata = .

.igot.plt       0x0000000020000010        0x0 load address 0x000000000800337c
 .igot.plt      0x0000000020000010        0x0 /home/pyth/st/stm32cubeide_1.13.2/plugins/com.st.stm32cube.ide.mcu.externaltools.gnu-tools-for-stm32.11.3.rel1.linux64_1.1.1.202309131626/tools/bin/../lib/gcc/arm-none-eabi/11.3.1/thumb/v6-m/nofp/crtbegin.o
                0x0000000020000010                . = ALIGN (0x4)

.bss            0x0000000020000010     0x26d0 load address 0x000000000800337c
                0x0000000020000010                _sbss = .
                0x0000000020000010                __bss_start__ = _sbss
 *(.bss)
 .bss           0x0000000020000010       0x1c /home/pyth/st/stm32cubeide_1.13.2/plugins/com.st.stm32cube.ide.mcu.externaltools.gnu-tools-for-stm32.11.3.rel1.linux64_1.1.1.202309131626/tools/bin/../lib/gcc/arm-none-eabi/11.3.1/thumb/v6-m/nofp/crtbegin.o
 *(.bss*)
 .bss.screenBuffer
                0x000000002000002c     0x2580 ./Core/Src/ili9341.o
                0x000000002000002c                screenBuffer
 .bss.hspi1     0x00000000200025ac       0x64 ./Core/Src/main.o
                0x00000000200025ac                hspi1
 .bss.hdma_spi1_tx
                0x0000000020002610       0x44 ./Core/Src/main.o
                0x0000000020002610                hdma_spi1_tx
 .bss.huart2    0x0000000020002654       0x88 ./Core/Src/main.o
                0x0000000020002654                huart2
 .bss.uwTick    0x00000000200026dc        0x4 ./Drivers/STM32F0xx_HAL_Driver/Src/stm32f0xx_hal.o
                0x00000000200026dc                uwTick
 *(COMMON)
                0x00000000200026e0                . = ALIGN (0x4)
                0x00000000200026e0                _ebss = .
                0x00000000200026e0                __bss_end__ = _ebss

._user_heap_stack
                0x00000000200026e0      0x600 load address 0x000000000800337c
                0x00000000200026e0                . = ALIGN (0x8)
                [!provide]                        PROVIDE (end = .)
                0x00000000200026e0                PROVIDE (_end = .)
                0x00000000200028e0                . = (. + _Min_Heap_Size)
 *fill*         0x00000000200026e0      0x200 
                0x0000000020002ce0                . = (. + _Min_Stack_Size)
 *fill*         0x00000000200028e0      0x400 
                0x0000000020002ce0                . = ALIGN (0x8)

/DISCARD/
 libc.a(*)
 libm.a(*)
 libgcc.a(*)

.ARM.attributes
                0x0000000000000000       0x28
 *(.ARM.attributes)
 .ARM.attributes
                0x0000000000000000       0x1e /home/pyth/st/stm32cubeide_1.13.2/plugins/com.st.stm32cube.ide.mcu.externaltools.gnu-tools-for-stm32.11.3.rel1.linux64_1.1.1.202309131626/tools/bin/../lib/gcc/arm-none-eabi/11.3.1/thumb/v6-m/nofp/crti.o
 .ARM.attributes
                0x000000000000001e       0x2c /home/pyth/st/stm32cubeide_1.13.2/plugins/com.st.stm32cube.ide.mcu.externaltools.gnu-tools-for-stm32.11.3.rel1.linux64_1.1.1.202309131626/tools/bin/../lib/gcc/arm-none-eabi/11.3.1/thumb/v6-m/nofp/crtbegin.o
 .ARM.attributes
                0x000000000000004a       0x2c ./Core/Src/ili9341.o
 .ARM.attributes
                0x0000000000000076       0x2c ./Core/Src/main.o
 .ARM.attributes
                0x00000000000000a2       0x2c ./Core/Src/stm32f0xx_hal_msp.o
 .ARM.attributes
                0x00000000000000ce       0x2c ./Core/Src/stm32f0xx_it.o
 .ARM.attributes
                0x00000000000000fa       0x2c ./Core/Src/system_stm32f0xx.o
 .ARM.attributes
                0x0000000000000126       0x21 ./Core/Startup/startup_stm32f070rbtx.o
 .ARM.attributes
                0x0000000000000147       0x2c ./Drivers/STM32F0xx_HAL_Driver/Src/stm32f0xx_hal.o
 .ARM.attributes
                0x0000000000000173       0x2c ./Drivers/STM32F0xx_HAL_Driver/Src/stm32f0xx_hal_cortex.o
 .ARM.attributes
                0x000000000000019f       0x2c ./Drivers/STM32F0xx_HAL_Driver/Src/stm32f0xx_hal_dma.o
 .ARM.attributes
                0x00000000000001cb       0x2c ./Drivers/STM32F0xx_HAL_Driver/Src/stm32f0xx_hal_gpio.o
 .ARM.attributes
                0x00000000000001f7       0x2c ./Drivers/STM32F0xx_HAL_Driver/Src/stm32f0xx_hal_rcc.o
 .ARM.attributes
                0x0000000000000223       0x2c ./Drivers/STM32F0xx_HAL_Driver/Src/stm32f0xx_hal_spi.o
 .ARM.attributes
                0x000000000000024f       0x2c ./Drivers/STM32F0xx_HAL_Driver/Src/stm32f0xx_hal_uart.o
 .ARM.attributes
                0x000000000000027b       0x2c /home/pyth/st/stm32cubeide_1.13.2/plugins/com.st.stm32cube.ide.mcu.externaltools.gnu-tools-for-stm32.11.3.rel1.linux64_1.1.1.202309131626/tools/bin/../lib/gcc/arm-none-eabi/11.3.1/../../../../arm-none-eabi/lib/thumb/v6-m/nofp/libc_nano.a(libc_a-memset.o)
 .ARM.attributes
                0x00000000000002a7       0x2c /home/pyth/st/stm32cubeide_1.13.2/plugins/com.st.stm32cube.ide.mcu.externaltools.gnu-tools-for-stm32.11.3.rel1.linux64_1.1.1.202309131626/tools/bin/../lib/gcc/arm-none-eabi/11.3.1/../../../../arm-none-eabi/lib/thumb/v6-m/nofp/libc_nano.a(libc_a-init.o)
 .ARM.attributes
                0x00000000000002d3       0x1e /home/pyth/st/stm32cubeide_1.13.2/plugins/com.st.stm32cube.ide.mcu.externaltools.gnu-tools-for-stm32.11.3.rel1.linux64_1.1.1.202309131626/tools/bin/../lib/gcc/arm-none-eabi/11.3.1/thumb/v6-m/nofp/libgcc.a(_udivsi3.o)
 .ARM.attributes
                0x00000000000002f1       0x1e /home/pyth/st/stm32cubeide_1.13.2/plugins/com.st.stm32cube.ide.mcu.externaltools.gnu-tools-for-stm32.11.3.rel1.linux64_1.1.1.202309131626/tools/bin/../lib/gcc/arm-none-eabi/11.3.1/thumb/v6-m/nofp/libgcc.a(_divsi3.o)
 .ARM.attributes
                0x000000000000030f       0x1e /home/pyth/st/stm32cubeide_1.13.2/plugins/com.st.stm32cube.ide.mcu.externaltools.gnu-tools-for-stm32.11.3.rel1.linux64_1.1.1.202309131626/tools/bin/../lib/gcc/arm-none-eabi/11.3.1/thumb/v6-m/nofp/libgcc.a(_dvmd_tls.o)
 .ARM.attributes
                0x000000000000032d       0x1e /home/pyth/st/stm32cubeide_1.13.2/plugins/com.st.stm32cube.ide.mcu.externaltools.gnu-tools-for-stm32.11.3.rel1.linux64_1.1.1.202309131626/tools/bin/../lib/gcc/arm-none-eabi/11.3.1/thumb/v6-m/nofp/crtn.o
OUTPUT(lvgl.elf elf32-littlearm)
LOAD linker stubs
LOAD /home/pyth/st/stm32cubeide_1.13.2/plugins/com.st.stm32cube.ide.mcu.externaltools.gnu-tools-for-stm32.11.3.rel1.linux64_1.1.1.202309131626/tools/bin/../lib/gcc/arm-none-eabi/11.3.1/../../../../arm-none-eabi/lib/thumb/v6-m/nofp/libc.a
LOAD /home/pyth/st/stm32cubeide_1.13.2/plugins/com.st.stm32cube.ide.mcu.externaltools.gnu-tools-for-stm32.11.3.rel1.linux64_1.1.1.202309131626/tools/bin/../lib/gcc/arm-none-eabi/11.3.1/../../../../arm-none-eabi/lib/thumb/v6-m/nofp/libm.a
LOAD /home/pyth/st/stm32cubeide_1.13.2/plugins/com.st.stm32cube.ide.mcu.externaltools.gnu-tools-for-stm32.11.3.rel1.linux64_1.1.1.202309131626/tools/bin/../lib/gcc/arm-none-eabi/11.3.1/thumb/v6-m/nofp/libgcc.a

.comment        0x0000000000000000       0x43
 .comment       0x0000000000000000       0x43 /home/pyth/st/stm32cubeide_1.13.2/plugins/com.st.stm32cube.ide.mcu.externaltools.gnu-tools-for-stm32.11.3.rel1.linux64_1.1.1.202309131626/tools/bin/../lib/gcc/arm-none-eabi/11.3.1/thumb/v6-m/nofp/crtbegin.o
                                         0x44 (size before relaxing)
 .comment       0x0000000000000043       0x44 ./Core/Src/ili9341.o
 .comment       0x0000000000000043       0x44 ./Core/Src/main.o
 .comment       0x0000000000000043       0x44 ./Core/Src/stm32f0xx_hal_msp.o
 .comment       0x0000000000000043       0x44 ./Core/Src/stm32f0xx_it.o
 .comment       0x0000000000000043       0x44 ./Core/Src/system_stm32f0xx.o
 .comment       0x0000000000000043       0x44 ./Drivers/STM32F0xx_HAL_Driver/Src/stm32f0xx_hal.o
 .comment       0x0000000000000043       0x44 ./Drivers/STM32F0xx_HAL_Driver/Src/stm32f0xx_hal_cortex.o
 .comment       0x0000000000000043       0x44 ./Drivers/STM32F0xx_HAL_Driver/Src/stm32f0xx_hal_dma.o
 .comment       0x0000000000000043       0x44 ./Drivers/STM32F0xx_HAL_Driver/Src/stm32f0xx_hal_gpio.o
 .comment       0x0000000000000043       0x44 ./Drivers/STM32F0xx_HAL_Driver/Src/stm32f0xx_hal_rcc.o
 .comment       0x0000000000000043       0x44 ./Drivers/STM32F0xx_HAL_Driver/Src/stm32f0xx_hal_spi.o
 .comment       0x0000000000000043       0x44 ./Drivers/STM32F0xx_HAL_Driver/Src/stm32f0xx_hal_uart.o

.debug_info     0x0000000000000000     0xa629
 .debug_info    0x0000000000000000      0xdd2 ./Core/Src/ili9341.o
 .debug_info    0x0000000000000dd2      0xfa6 ./Core/Src/main.o
 .debug_info    0x0000000000001d78      0xdb3 ./Core/Src/stm32f0xx_hal_msp.o
 .debug_info    0x0000000000002b2b      0x625 ./Core/Src/stm32f0xx_it.o
 .debug_info    0x0000000000003150      0x242 ./Core/Src/system_stm32f0xx.o
 .debug_info    0x0000000000003392       0x23 ./Core/Startup/startup_stm32f070rbtx.o
 .debug_info    0x00000000000033b5      0x682 ./Drivers/STM32F0xx_HAL_Driver/Src/stm32f0xx_hal.o
 .debug_info    0x0000000000003a37      0x6ad ./Drivers/STM32F0xx_HAL_Driver/Src/stm32f0xx_hal_cortex.o
 .debug_info    0x00000000000040e4      0x700 ./Drivers/STM32F0xx_HAL_Driver/Src/stm32f0xx_hal_dma.o
 .debug_info    0x00000000000047e4      0x5bf ./Drivers/STM32F0xx_HAL_Driver/Src/stm32f0xx_hal_gpio.o
 .debug_info    0x0000000000004da3      0x844 ./Drivers/STM32F0xx_HAL_Driver/Src/stm32f0xx_hal_rcc.o
 .debug_info    0x00000000000055e7     0x1618 ./Drivers/STM32F0xx_HAL_Driver/Src/stm32f0xx_hal_spi.o
 .debug_info    0x0000000000006bff     0x3a2a ./Drivers/STM32F0xx_HAL_Driver/Src/stm32f0xx_hal_uart.o

.debug_abbrev   0x0000000000000000     0x1a5d
 .debug_abbrev  0x0000000000000000      0x2ab ./Core/Src/ili9341.o
 .debug_abbrev  0x00000000000002ab      0x2b2 ./Core/Src/main.o
 .debug_abbrev  0x000000000000055d      0x208 ./Core/Src/stm32f0xx_hal_msp.o
 .debug_abbrev  0x0000000000000765      0x17e ./Core/Src/stm32f0xx_it.o
 .debug_abbrev  0x00000000000008e3      0x11c ./Core/Src/system_stm32f0xx.o
 .debug_abbrev  0x00000000000009ff       0x12 ./Core/Startup/startup_stm32f070rbtx.o
 .debug_abbrev  0x0000000000000a11      0x24b ./Drivers/STM32F0xx_HAL_Driver/Src/stm32f0xx_hal.o
 .debug_abbrev  0x0000000000000c5c      0x28c ./Drivers/STM32F0xx_HAL_Driver/Src/stm32f0xx_hal_cortex.o
 .debug_abbrev  0x0000000000000ee8      0x1ef ./Drivers/STM32F0xx_HAL_Driver/Src/stm32f0xx_hal_dma.o
 .debug_abbrev  0x00000000000010d7      0x1ca ./Drivers/STM32F0xx_HAL_Driver/Src/stm32f0xx_hal_gpio.o
 .debug_abbrev  0x00000000000012a1      0x28b ./Drivers/STM32F0xx_HAL_Driver/Src/stm32f0xx_hal_rcc.o
 .debug_abbrev  0x000000000000152c      0x265 ./Drivers/STM32F0xx_HAL_Driver/Src/stm32f0xx_hal_spi.o
 .debug_abbrev  0x0000000000001791      0x2cc ./Drivers/STM32F0xx_HAL_Driver/Src/stm32f0xx_hal_uart.o

.debug_aranges  0x0000000000000000      0x898
 .debug_aranges
                0x0000000000000000       0x88 ./Core/Src/ili9341.o
 .debug_aranges
                0x0000000000000088       0x50 ./Core/Src/main.o
 .debug_aranges
                0x00000000000000d8       0x40 ./Core/Src/stm32f0xx_hal_msp.o
 .debug_aranges
                0x0000000000000118       0x50 ./Core/Src/stm32f0xx_it.o
 .debug_aranges
                0x0000000000000168       0x28 ./Core/Src/system_stm32f0xx.o
 .debug_aranges
                0x0000000000000190       0x28 ./Core/Startup/startup_stm32f070rbtx.o
 .debug_aranges
                0x00000000000001b8       0xd0 ./Drivers/STM32F0xx_HAL_Driver/Src/stm32f0xx_hal.o
 .debug_aranges
                0x0000000000000288       0xc0 ./Drivers/STM32F0xx_HAL_Driver/Src/stm32f0xx_hal_cortex.o
 .debug_aranges
                0x0000000000000348       0x88 ./Drivers/STM32F0xx_HAL_Driver/Src/stm32f0xx_hal_dma.o
 .debug_aranges
                0x00000000000003d0       0x58 ./Drivers/STM32F0xx_HAL_Driver/Src/stm32f0xx_hal_gpio.o
 .debug_aranges
                0x0000000000000428       0x80 ./Drivers/STM32F0xx_HAL_Driver/Src/stm32f0xx_hal_rcc.o
 .debug_aranges
                0x00000000000004a8      0x1d8 ./Drivers/STM32F0xx_HAL_Driver/Src/stm32f0xx_hal_spi.o
 .debug_aranges
                0x0000000000000680      0x218 ./Drivers/STM32F0xx_HAL_Driver/Src/stm32f0xx_hal_uart.o

.debug_rnglists
                0x0000000000000000      0x6ae
 .debug_rnglists
                0x0000000000000000       0x68 ./Core/Src/ili9341.o
 .debug_rnglists
                0x0000000000000068       0x3a ./Core/Src/main.o
 .debug_rnglists
                0x00000000000000a2       0x2d ./Core/Src/stm32f0xx_hal_msp.o
 .debug_rnglists
                0x00000000000000cf       0x37 ./Core/Src/stm32f0xx_it.o
 .debug_rnglists
                0x0000000000000106       0x1a ./Core/Src/system_stm32f0xx.o
 .debug_rnglists
                0x0000000000000120       0x19 ./Core/Startup/startup_stm32f070rbtx.o
 .debug_rnglists
                0x0000000000000139       0x97 ./Drivers/STM32F0xx_HAL_Driver/Src/stm32f0xx_hal.o
 .debug_rnglists
                0x00000000000001d0       0x8c ./Drivers/STM32F0xx_HAL_Driver/Src/stm32f0xx_hal_cortex.o
 .debug_rnglists
                0x000000000000025c       0x6a ./Drivers/STM32F0xx_HAL_Driver/Src/stm32f0xx_hal_dma.o
 .debug_rnglists
                0x00000000000002c6       0x3f ./Drivers/STM32F0xx_HAL_Driver/Src/stm32f0xx_hal_gpio.o
 .debug_rnglists
                0x0000000000000305       0x61 ./Drivers/STM32F0xx_HAL_Driver/Src/stm32f0xx_hal_rcc.o
 .debug_rnglists
                0x0000000000000366      0x17a ./Drivers/STM32F0xx_HAL_Driver/Src/stm32f0xx_hal_spi.o
 .debug_rnglists
                0x00000000000004e0      0x1ce ./Drivers/STM32F0xx_HAL_Driver/Src/stm32f0xx_hal_uart.o

.debug_macro    0x0000000000000000     0xedc2
 .debug_macro   0x0000000000000000      0x1e5 ./Core/Src/ili9341.o
 .debug_macro   0x00000000000001e5      0x133 ./Core/Src/ili9341.o
 .debug_macro   0x0000000000000318       0x2e ./Core/Src/ili9341.o
 .debug_macro   0x0000000000000346       0x22 ./Core/Src/ili9341.o
 .debug_macro   0x0000000000000368       0x1c ./Core/Src/ili9341.o
 .debug_macro   0x0000000000000384       0x22 ./Core/Src/ili9341.o
 .debug_macro   0x00000000000003a6       0xaf ./Core/Src/ili9341.o
 .debug_macro   0x0000000000000455      0x391 ./Core/Src/ili9341.o
 .debug_macro   0x00000000000007e6     0x765c ./Core/Src/ili9341.o
 .debug_macro   0x0000000000007e42       0x66 ./Core/Src/ili9341.o
 .debug_macro   0x0000000000007ea8     0x34be ./Core/Src/ili9341.o
 .debug_macro   0x000000000000b366      0x174 ./Core/Src/ili9341.o
 .debug_macro   0x000000000000b4da       0x55 ./Core/Src/ili9341.o
 .debug_macro   0x000000000000b52f      0x924 ./Core/Src/ili9341.o
 .debug_macro   0x000000000000be53      0x289 ./Core/Src/ili9341.o
 .debug_macro   0x000000000000c0dc      0x1ae ./Core/Src/ili9341.o
 .debug_macro   0x000000000000c28a      0x130 ./Core/Src/ili9341.o
 .debug_macro   0x000000000000c3ba      0x1a0 ./Core/Src/ili9341.o
 .debug_macro   0x000000000000c55a      0x1f4 ./Core/Src/ili9341.o
 .debug_macro   0x000000000000c74e       0x34 ./Core/Src/ili9341.o
 .debug_macro   0x000000000000c782       0x43 ./Core/Src/ili9341.o
 .debug_macro   0x000000000000c7c5       0x28 ./Core/Src/ili9341.o
 .debug_macro   0x000000000000c7ed       0xb0 ./Core/Src/ili9341.o
 .debug_macro   0x000000000000c89d      0x217 ./Core/Src/ili9341.o
 .debug_macro   0x000000000000cab4      0x22c ./Core/Src/ili9341.o
 .debug_macro   0x000000000000cce0       0x61 ./Core/Src/ili9341.o
 .debug_macro   0x000000000000cd41       0xa5 ./Core/Src/ili9341.o
 .debug_macro   0x000000000000cde6       0x4c ./Core/Src/ili9341.o
 .debug_macro   0x000000000000ce32       0x49 ./Core/Src/ili9341.o
 .debug_macro   0x000000000000ce7b      0x2fe ./Core/Src/ili9341.o
 .debug_macro   0x000000000000d179      0x56d ./Core/Src/ili9341.o
 .debug_macro   0x000000000000d6e6       0x44 ./Core/Src/ili9341.o
 .debug_macro   0x000000000000d72a      0x11a ./Core/Src/ili9341.o
 .debug_macro   0x000000000000d844       0x22 ./Core/Src/ili9341.o
 .debug_macro   0x000000000000d866       0xa0 ./Core/Src/ili9341.o
 .debug_macro   0x000000000000d906      0x1f4 ./Core/Src/main.o
 .debug_macro   0x000000000000dafa       0xa0 ./Core/Src/main.o
 .debug_macro   0x000000000000db9a      0x1d2 ./Core/Src/stm32f0xx_hal_msp.o
 .debug_macro   0x000000000000dd6c      0x1dc ./Core/Src/stm32f0xx_it.o
 .debug_macro   0x000000000000df48      0x1c3 ./Core/Src/system_stm32f0xx.o
 .debug_macro   0x000000000000e10b      0x1e7 ./Drivers/STM32F0xx_HAL_Driver/Src/stm32f0xx_hal.o
 .debug_macro   0x000000000000e2f2      0x1c3 ./Drivers/STM32F0xx_HAL_Driver/Src/stm32f0xx_hal_cortex.o
 .debug_macro   0x000000000000e4b5      0x1c3 ./Drivers/STM32F0xx_HAL_Driver/Src/stm32f0xx_hal_dma.o
 .debug_macro   0x000000000000e678      0x1ca ./Drivers/STM32F0xx_HAL_Driver/Src/stm32f0xx_hal_gpio.o
 .debug_macro   0x000000000000e842      0x1d5 ./Drivers/STM32F0xx_HAL_Driver/Src/stm32f0xx_hal_rcc.o
 .debug_macro   0x000000000000ea17      0x1cb ./Drivers/STM32F0xx_HAL_Driver/Src/stm32f0xx_hal_spi.o
 .debug_macro   0x000000000000ebe2      0x1e0 ./Drivers/STM32F0xx_HAL_Driver/Src/stm32f0xx_hal_uart.o

.debug_line     0x0000000000000000     0xaa7d
 .debug_line    0x0000000000000000      0xaa9 ./Core/Src/ili9341.o
 .debug_line    0x0000000000000aa9      0x85f ./Core/Src/main.o
 .debug_line    0x0000000000001308      0x792 ./Core/Src/stm32f0xx_hal_msp.o
 .debug_line    0x0000000000001a9a      0x754 ./Core/Src/stm32f0xx_it.o
 .debug_line    0x00000000000021ee      0x734 ./Core/Src/system_stm32f0xx.o
 .debug_line    0x0000000000002922       0x7b ./Core/Startup/startup_stm32f070rbtx.o
 .debug_line    0x000000000000299d      0x93a ./Drivers/STM32F0xx_HAL_Driver/Src/stm32f0xx_hal.o
 .debug_line    0x00000000000032d7      0x9e6 ./Drivers/STM32F0xx_HAL_Driver/Src/stm32f0xx_hal_cortex.o
 .debug_line    0x0000000000003cbd      0xc5e ./Drivers/STM32F0xx_HAL_Driver/Src/stm32f0xx_hal_dma.o
 .debug_line    0x000000000000491b      0xab5 ./Drivers/STM32F0xx_HAL_Driver/Src/stm32f0xx_hal_gpio.o
 .debug_line    0x00000000000053d0      0xd24 ./Drivers/STM32F0xx_HAL_Driver/Src/stm32f0xx_hal_rcc.o
 .debug_line    0x00000000000060f4     0x1e44 ./Drivers/STM32F0xx_HAL_Driver/Src/stm32f0xx_hal_spi.o
 .debug_line    0x0000000000007f38     0x2b45 ./Drivers/STM32F0xx_HAL_Driver/Src/stm32f0xx_hal_uart.o

.debug_str      0x0000000000000000    0x5f460
 .debug_str     0x0000000000000000    0x5d29e ./Core/Src/ili9341.o
                                      0x5d57b (size before relaxing)
 .debug_str     0x000000000005d29e      0x7c6 ./Core/Src/main.o
                                      0x5dcb6 (size before relaxing)
 .debug_str     0x000000000005da64       0xbd ./Core/Src/stm32f0xx_hal_msp.o
                                      0x5d7fd (size before relaxing)
 .debug_str     0x000000000005db21       0xb8 ./Core/Src/stm32f0xx_it.o
                                      0x5d34d (size before relaxing)
 .debug_str     0x000000000005dbd9       0x8b ./Core/Src/system_stm32f0xx.o
                                      0x5cd08 (size before relaxing)
 .debug_str     0x000000000005dc64       0x34 ./Core/Startup/startup_stm32f070rbtx.o
                                         0x68 (size before relaxing)
 .debug_str     0x000000000005dc98      0x370 ./Drivers/STM32F0xx_HAL_Driver/Src/stm32f0xx_hal.o
                                      0x5d2bd (size before relaxing)
 .debug_str     0x000000000005e008      0x197 ./Drivers/STM32F0xx_HAL_Driver/Src/stm32f0xx_hal_cortex.o
                                      0x5d0ae (size before relaxing)
 .debug_str     0x000000000005e19f      0x21e ./Drivers/STM32F0xx_HAL_Driver/Src/stm32f0xx_hal_dma.o
                                      0x5d0ae (size before relaxing)
 .debug_str     0x000000000005e3bd      0x113 ./Drivers/STM32F0xx_HAL_Driver/Src/stm32f0xx_hal_gpio.o
                                      0x5cea9 (size before relaxing)
 .debug_str     0x000000000005e4d0      0x21a ./Drivers/STM32F0xx_HAL_Driver/Src/stm32f0xx_hal_rcc.o
                                      0x5d144 (size before relaxing)
 .debug_str     0x000000000005e6ea      0x550 ./Drivers/STM32F0xx_HAL_Driver/Src/stm32f0xx_hal_spi.o
                                      0x5d672 (size before relaxing)
 .debug_str     0x000000000005ec3a      0x826 ./Drivers/STM32F0xx_HAL_Driver/Src/stm32f0xx_hal_uart.o
                                      0x5da21 (size before relaxing)

.debug_frame    0x0000000000000000     0x1e00
 .debug_frame   0x0000000000000000      0x1e4 ./Core/Src/ili9341.o
 .debug_frame   0x00000000000001e4       0xe4 ./Core/Src/main.o
 .debug_frame   0x00000000000002c8       0xb0 ./Core/Src/stm32f0xx_hal_msp.o
 .debug_frame   0x0000000000000378       0xd4 ./Core/Src/stm32f0xx_it.o
 .debug_frame   0x000000000000044c       0x4c ./Core/Src/system_stm32f0xx.o
 .debug_frame   0x0000000000000498      0x2a4 ./Drivers/STM32F0xx_HAL_Driver/Src/stm32f0xx_hal.o
 .debug_frame   0x000000000000073c      0x2a0 ./Drivers/STM32F0xx_HAL_Driver/Src/stm32f0xx_hal_cortex.o
 .debug_frame   0x00000000000009dc      0x1d0 ./Drivers/STM32F0xx_HAL_Driver/Src/stm32f0xx_hal_dma.o
 .debug_frame   0x0000000000000bac      0x110 ./Drivers/STM32F0xx_HAL_Driver/Src/stm32f0xx_hal_gpio.o
 .debug_frame   0x0000000000000cbc      0x198 ./Drivers/STM32F0xx_HAL_Driver/Src/stm32f0xx_hal_rcc.o
 .debug_frame   0x0000000000000e54      0x710 ./Drivers/STM32F0xx_HAL_Driver/Src/stm32f0xx_hal_spi.o
 .debug_frame   0x0000000000001564      0x810 ./Drivers/STM32F0xx_HAL_Driver/Src/stm32f0xx_hal_uart.o
 .debug_frame   0x0000000000001d74       0x20 /home/pyth/st/stm32cubeide_1.13.2/plugins/com.st.stm32cube.ide.mcu.externaltools.gnu-tools-for-stm32.11.3.rel1.linux64_1.1.1.202309131626/tools/bin/../lib/gcc/arm-none-eabi/11.3.1/../../../../arm-none-eabi/lib/thumb/v6-m/nofp/libc_nano.a(libc_a-memset.o)
 .debug_frame   0x0000000000001d94       0x2c /home/pyth/st/stm32cubeide_1.13.2/plugins/com.st.stm32cube.ide.mcu.externaltools.gnu-tools-for-stm32.11.3.rel1.linux64_1.1.1.202309131626/tools/bin/../lib/gcc/arm-none-eabi/11.3.1/../../../../arm-none-eabi/lib/thumb/v6-m/nofp/libc_nano.a(libc_a-init.o)
 .debug_frame   0x0000000000001dc0       0x20 /home/pyth/st/stm32cubeide_1.13.2/plugins/com.st.stm32cube.ide.mcu.externaltools.gnu-tools-for-stm32.11.3.rel1.linux64_1.1.1.202309131626/tools/bin/../lib/gcc/arm-none-eabi/11.3.1/thumb/v6-m/nofp/libgcc.a(_udivsi3.o)
 .debug_frame   0x0000000000001de0       0x20 /home/pyth/st/stm32cubeide_1.13.2/plugins/com.st.stm32cube.ide.mcu.externaltools.gnu-tools-for-stm32.11.3.rel1.linux64_1.1.1.202309131626/tools/bin/../lib/gcc/arm-none-eabi/11.3.1/thumb/v6-m/nofp/libgcc.a(_divsi3.o)

.debug_line_str
                0x0000000000000000       0x5c
 .debug_line_str
                0x0000000000000000       0x5c ./Core/Startup/startup_stm32f070rbtx.o
                                         0x74 (size before relaxing)
